V3 27
FL C:/Users/USER/Desktop/VGA_final/VGA/color.vhd 2018/12/31.12:25:27 P.20131013
EN work/color 1546246541 FL C:/Users/USER/Desktop/VGA_final/VGA/color.vhd \
      PB ieee/std_logic_1164 1381692176
AR work/color/Behavioral 1546246542 \
      FL C:/Users/USER/Desktop/VGA_final/VGA/color.vhd EN work/color 1546246541
FL C:/Users/USER/Desktop/VGA_final/VGA/dcm_1.vhd 2018/12/31.11:55:37 P.20131013
EN work/dcm_1 1546246543 FL C:/Users/USER/Desktop/VGA_final/VGA/dcm_1.vhd \
      PB ieee/std_logic_1164 1381692176 PB ieee/NUMERIC_STD 1381692181 LB UNISIM \
      PH unisim/VCOMPONENTS 1381692182
AR work/dcm_1/BEHAVIORAL 1546246544 \
      FL C:/Users/USER/Desktop/VGA_final/VGA/dcm_1.vhd EN work/dcm_1 1546246543 \
      CP BUFG CP IBUFG CP DCM
FL C:/Users/USER/Desktop/VGA_final/VGA/M1.vhd 2018/11/03.13:13:33 P.20131013
EN work/HC 1546246537 FL C:/Users/USER/Desktop/VGA_final/VGA/M1.vhd \
      PB ieee/std_logic_1164 1381692176
AR work/HC/Behavioral 1546246538 \
      FL C:/Users/USER/Desktop/VGA_final/VGA/M1.vhd EN work/HC 1546246537
FL C:/Users/USER/Desktop/VGA_final/VGA/M2.vhd 2018/11/03.13:13:48 P.20131013
EN work/VC 1546246539 FL C:/Users/USER/Desktop/VGA_final/VGA/M2.vhd \
      PB ieee/std_logic_1164 1381692176
AR work/VC/Behavioral 1546246540 \
      FL C:/Users/USER/Desktop/VGA_final/VGA/M2.vhd EN work/VC 1546246539
FL C:/Users/USER/Desktop/VGA_final/VGA/main.vhd 2018/12/08.13:24:02 P.20131013
EN work/main 1546246547 FL C:/Users/USER/Desktop/VGA_final/VGA/main.vhd \
      PB ieee/std_logic_1164 1381692176
AR work/main/Behavioral 1546246548 \
      FL C:/Users/USER/Desktop/VGA_final/VGA/main.vhd EN work/main 1546246547 \
      CP dcm_1 CP SG
FL C:/Users/USER/Desktop/VGA_final/VGA/SG.vhd 2018/12/31.11:35:01 P.20131013
EN work/SG 1546246545 FL C:/Users/USER/Desktop/VGA_final/VGA/SG.vhd \
      PB ieee/std_logic_1164 1381692176
AR work/SG/Behavioral 1546246546 \
      FL C:/Users/USER/Desktop/VGA_final/VGA/SG.vhd EN work/SG 1546246545 CP HC \
      CP VC CP color
